HadoopVersion	PigVersion	UserId	StartedAt	FinishedAt	Features
1.0.3	0.11.0	adaptive	2013-07-26 17:36:56	2013-07-26 17:44:30	GROUP_BY,UNION

Success!

Job Stats (time in seconds):
JobId	Maps	Reduces	MaxMapTime	MinMapTIme	AvgMapTime	MedianMapTime	MaxReduceTime	MinReduceTime	AvgReduceTime	MedianReducetime	Alias	Feature	Outputs
job_201307261207_0443	120	12	150	27	59	51	138	123	133	135	groupedRecipientData,groupedSenderData,raw,recipientData,recipientTrafficVolume,senderData,senderTrafficVolume	MULTI_QUERY,COMBINER	
job_201307261207_0451	2	0	9	9	9	9	0	0	0	0	trafficVolume	MAP_ONLY	hdfs://10.198.10.10:8020/user/adaptive/trafficvolume_HOUR,

Input(s):
Successfully read 62000000 records (62724018748 bytes) from: "hdfs://10.198.10.10:8020/data"

Output(s):
Successfully stored 26 records in: "hdfs://10.198.10.10:8020/user/adaptive/trafficvolume_HOUR"

Counters:
Total records written : 26
Total bytes written : 0
Spillable Memory Manager spill count : 0
Total bags proactively spilled: 0
Total records proactively spilled: 0

